// Jest Snapshot v1, https://goo.gl/fbAQLP

exports[`basic parsing mixups 1`] = `
Array [
  Array [
    [ParserError: Parser error at >=< (line 4): Found an unexpected character in base expression (are you missing a semicolon?) ],
  ],
  Array [
    [ParserError: Parser error at >here< (line 3): Missing '=' in assignment definition(Expected [Symbol(EQUALS)])],
  ],
]
`;
