// Jest Snapshot v1, https://goo.gl/fbAQLP

exports[`Scanner export 1`] = `
"Source file: 
Lines: 9
>[< (line 2)
>item< (line 2)
>]< (line 2)
>pi< (line 3)
>:< (line 3)
>3.14< (line 3)
>;< (line 3)
>randomItem< (line 4)
>:< (line 4)
>1< (line 4)
>:< (line 4)
>10< (line 4)
>;< (line 4)
>a< (line 5)
>,< (line 5)
>b< (line 5)
>:< (line 5)
>c< (line 5)
>,< (line 5)
>d< (line 5)
>|< (line 5)
>1< (line 5)
>,< (line 5)
>2< (line 5)
>;< (line 5)
>[< (line 7)
>Second< (line 7)
>]< (line 7)
>value< (line 8)
>:< (line 8)
>\\"special 324\\"< (line 8)
>< (line 9)
"
`;
